src/components/features/explore/ExploreScene.tsx(1173,2): error TS1128: Declaration or statement expected.
src/components/features/explore/ExploreScene.tsx(1173,16): error TS1005: ';' expected.
src/components/features/explore/ExploreScene.tsx(1348,1): error TS1128: Declaration or statement expected.
